// Jest Snapshot v1, https://goo.gl/fbAQLP

exports[`Instructions matches the snapshot 1`] = `
ShallowWrapper {
  "length": 1,
  Symbol(enzyme.__root__): [Circular],
  Symbol(enzyme.__unrendered__): <Instructions />,
  Symbol(enzyme.__renderer__): Object {
    "batchedUpdates": [Function],
    "getNode": [Function],
    "render": [Function],
    "simulateEvent": [Function],
    "unmount": [Function],
  },
  Symbol(enzyme.__node__): Object {
    "instance": null,
    "key": undefined,
    "nodeType": "host",
    "props": Object {
      "children": Array [
        <div
          className="instruction"
>
          <img
                    alt="Search"
                    src="search.png"
          />
          <p>
                    Search for an artist
          </p>
</div>,
        <div
          className="instruction"
>
          <img
                    alt="Click"
                    src="click.png"
          />
          <p>
                    Click TryIt to add that artists' top 5 songs to your Spotifive playlist
          </p>
</div>,
        <div
          className="instruction"
>
          <img
                    alt="Listen"
                    src="listen.png"
          />
          <p>
                    See new music in your Spotifive playlist in the Spotify app
          </p>
</div>,
      ],
      "className": "Instructions",
    },
    "ref": null,
    "rendered": Array [
      Object {
        "instance": null,
        "key": undefined,
        "nodeType": "host",
        "props": Object {
          "children": Array [
            <img
              alt="Search"
              src="search.png"
/>,
            <p>
              Search for an artist
</p>,
          ],
          "className": "instruction",
        },
        "ref": null,
        "rendered": Array [
          Object {
            "instance": null,
            "key": undefined,
            "nodeType": "host",
            "props": Object {
              "alt": "Search",
              "src": "search.png",
            },
            "ref": null,
            "rendered": null,
            "type": "img",
          },
          Object {
            "instance": null,
            "key": undefined,
            "nodeType": "host",
            "props": Object {
              "children": "Search for an artist",
            },
            "ref": null,
            "rendered": "Search for an artist",
            "type": "p",
          },
        ],
        "type": "div",
      },
      Object {
        "instance": null,
        "key": undefined,
        "nodeType": "host",
        "props": Object {
          "children": Array [
            <img
              alt="Click"
              src="click.png"
/>,
            <p>
              Click TryIt to add that artists' top 5 songs to your Spotifive playlist
</p>,
          ],
          "className": "instruction",
        },
        "ref": null,
        "rendered": Array [
          Object {
            "instance": null,
            "key": undefined,
            "nodeType": "host",
            "props": Object {
              "alt": "Click",
              "src": "click.png",
            },
            "ref": null,
            "rendered": null,
            "type": "img",
          },
          Object {
            "instance": null,
            "key": undefined,
            "nodeType": "host",
            "props": Object {
              "children": "Click TryIt to add that artists' top 5 songs to your Spotifive playlist",
            },
            "ref": null,
            "rendered": "Click TryIt to add that artists' top 5 songs to your Spotifive playlist",
            "type": "p",
          },
        ],
        "type": "div",
      },
      Object {
        "instance": null,
        "key": undefined,
        "nodeType": "host",
        "props": Object {
          "children": Array [
            <img
              alt="Listen"
              src="listen.png"
/>,
            <p>
              See new music in your Spotifive playlist in the Spotify app
</p>,
          ],
          "className": "instruction",
        },
        "ref": null,
        "rendered": Array [
          Object {
            "instance": null,
            "key": undefined,
            "nodeType": "host",
            "props": Object {
              "alt": "Listen",
              "src": "listen.png",
            },
            "ref": null,
            "rendered": null,
            "type": "img",
          },
          Object {
            "instance": null,
            "key": undefined,
            "nodeType": "host",
            "props": Object {
              "children": "See new music in your Spotifive playlist in the Spotify app",
            },
            "ref": null,
            "rendered": "See new music in your Spotifive playlist in the Spotify app",
            "type": "p",
          },
        ],
        "type": "div",
      },
    ],
    "type": "div",
  },
  Symbol(enzyme.__nodes__): Array [
    Object {
      "instance": null,
      "key": undefined,
      "nodeType": "host",
      "props": Object {
        "children": Array [
          <div
            className="instruction"
>
            <img
                        alt="Search"
                        src="search.png"
            />
            <p>
                        Search for an artist
            </p>
</div>,
          <div
            className="instruction"
>
            <img
                        alt="Click"
                        src="click.png"
            />
            <p>
                        Click TryIt to add that artists' top 5 songs to your Spotifive playlist
            </p>
</div>,
          <div
            className="instruction"
>
            <img
                        alt="Listen"
                        src="listen.png"
            />
            <p>
                        See new music in your Spotifive playlist in the Spotify app
            </p>
</div>,
        ],
        "className": "Instructions",
      },
      "ref": null,
      "rendered": Array [
        Object {
          "instance": null,
          "key": undefined,
          "nodeType": "host",
          "props": Object {
            "children": Array [
              <img
                alt="Search"
                src="search.png"
/>,
              <p>
                Search for an artist
</p>,
            ],
            "className": "instruction",
          },
          "ref": null,
          "rendered": Array [
            Object {
              "instance": null,
              "key": undefined,
              "nodeType": "host",
              "props": Object {
                "alt": "Search",
                "src": "search.png",
              },
              "ref": null,
              "rendered": null,
              "type": "img",
            },
            Object {
              "instance": null,
              "key": undefined,
              "nodeType": "host",
              "props": Object {
                "children": "Search for an artist",
              },
              "ref": null,
              "rendered": "Search for an artist",
              "type": "p",
            },
          ],
          "type": "div",
        },
        Object {
          "instance": null,
          "key": undefined,
          "nodeType": "host",
          "props": Object {
            "children": Array [
              <img
                alt="Click"
                src="click.png"
/>,
              <p>
                Click TryIt to add that artists' top 5 songs to your Spotifive playlist
</p>,
            ],
            "className": "instruction",
          },
          "ref": null,
          "rendered": Array [
            Object {
              "instance": null,
              "key": undefined,
              "nodeType": "host",
              "props": Object {
                "alt": "Click",
                "src": "click.png",
              },
              "ref": null,
              "rendered": null,
              "type": "img",
            },
            Object {
              "instance": null,
              "key": undefined,
              "nodeType": "host",
              "props": Object {
                "children": "Click TryIt to add that artists' top 5 songs to your Spotifive playlist",
              },
              "ref": null,
              "rendered": "Click TryIt to add that artists' top 5 songs to your Spotifive playlist",
              "type": "p",
            },
          ],
          "type": "div",
        },
        Object {
          "instance": null,
          "key": undefined,
          "nodeType": "host",
          "props": Object {
            "children": Array [
              <img
                alt="Listen"
                src="listen.png"
/>,
              <p>
                See new music in your Spotifive playlist in the Spotify app
</p>,
            ],
            "className": "instruction",
          },
          "ref": null,
          "rendered": Array [
            Object {
              "instance": null,
              "key": undefined,
              "nodeType": "host",
              "props": Object {
                "alt": "Listen",
                "src": "listen.png",
              },
              "ref": null,
              "rendered": null,
              "type": "img",
            },
            Object {
              "instance": null,
              "key": undefined,
              "nodeType": "host",
              "props": Object {
                "children": "See new music in your Spotifive playlist in the Spotify app",
              },
              "ref": null,
              "rendered": "See new music in your Spotifive playlist in the Spotify app",
              "type": "p",
            },
          ],
          "type": "div",
        },
      ],
      "type": "div",
    },
  ],
  Symbol(enzyme.__options__): Object {
    "adapter": ReactSixteenAdapter {
      "options": Object {
        "enableComponentDidUpdateOnSetState": true,
      },
    },
  },
}
`;
