// Jest Snapshot v1, https://goo.gl/fbAQLP

exports[`ArtistSuggestions matches the snapshot 1`] = `
ShallowWrapper {
  "length": 1,
  Symbol(enzyme.__root__): [Circular],
  Symbol(enzyme.__unrendered__): <ArtistSuggestions
    suggestions={
        Array [
            "bob",
            "stacy",
          ]
    }
/>,
  Symbol(enzyme.__renderer__): Object {
    "batchedUpdates": [Function],
    "getNode": [Function],
    "render": [Function],
    "simulateEvent": [Function],
    "unmount": [Function],
  },
  Symbol(enzyme.__node__): Object {
    "instance": null,
    "key": undefined,
    "nodeType": "host",
    "props": Object {
      "children": Array [
        <option>
          bob
</option>,
        <option>
          stacy
</option>,
      ],
      "id": "artist-suggestions",
    },
    "ref": null,
    "rendered": Array [
      Object {
        "instance": null,
        "key": "artist0",
        "nodeType": "host",
        "props": Object {
          "children": "bob",
        },
        "ref": null,
        "rendered": "bob",
        "type": "option",
      },
      Object {
        "instance": null,
        "key": "artist1",
        "nodeType": "host",
        "props": Object {
          "children": "stacy",
        },
        "ref": null,
        "rendered": "stacy",
        "type": "option",
      },
    ],
    "type": "datalist",
  },
  Symbol(enzyme.__nodes__): Array [
    Object {
      "instance": null,
      "key": undefined,
      "nodeType": "host",
      "props": Object {
        "children": Array [
          <option>
            bob
</option>,
          <option>
            stacy
</option>,
        ],
        "id": "artist-suggestions",
      },
      "ref": null,
      "rendered": Array [
        Object {
          "instance": null,
          "key": "artist0",
          "nodeType": "host",
          "props": Object {
            "children": "bob",
          },
          "ref": null,
          "rendered": "bob",
          "type": "option",
        },
        Object {
          "instance": null,
          "key": "artist1",
          "nodeType": "host",
          "props": Object {
            "children": "stacy",
          },
          "ref": null,
          "rendered": "stacy",
          "type": "option",
        },
      ],
      "type": "datalist",
    },
  ],
  Symbol(enzyme.__options__): Object {
    "adapter": ReactSixteenAdapter {
      "options": Object {
        "enableComponentDidUpdateOnSetState": true,
      },
    },
  },
}
`;
